// Jest Snapshot v1, https://goo.gl/fbAQLP

exports[`TableComponent should list songs 1`] = `
<div
  id="root1"
>
  <h5>
     Music List

  </h5>
  <div
    class="songTable"
    ngbaccordion=""
  >
    <div
      ngbaccordionitem=""
    >
      <h2
        ngbaccordionheader=""
      >
        <button
          ngbaccordionbutton=""
        >
          Reborn Again
        </button>
      </h2>
      <div
        ngbaccordioncollapse=""
      >
        <div
          ngbaccordionbody=""
        >
          <ul>
            <li>
              <a>
                Edit
              </a>
            </li>
            <li>
              <a>
                Delete
              </a>
            </li>
          </ul>
        </div>
      </div>
    </div>
    
    
  </div>
  
  
  
</div>
`;

exports[`TableComponent should say no music added without songs 1`] = `
<div
  id="root0"
>
  <h5>
     Music List

  </h5>
  
  
</div>
`;
